// Jest Snapshot v1, https://goo.gl/fbAQLP

exports[`config:site advanced 1`] = `
Object {
  "analytics": Object {
    "ga": "UA-XXXXXXXXX-Y",
  },
  "baseUrl": "https://demo.statusfy.co",
  "build": Object {
    "isStatic": false,
  },
  "content": Object {
    "dir": "content",
    "frontMatterFormat": "yaml",
    "systems": Array [
      "cdn",
      "conversions",
      "site-delivery",
      "api",
    ],
  },
  "defaultLocale": "en",
  "description": "Description",
  "head": Object {
    "link": Array [
      Object {
        "color": "#3e4e88",
        "href": "/icons/safari-pinned-tab.svg",
        "rel": "mask-icon",
      },
    ],
    "meta": Array [
      Object {
        "charset": "utf-8",
      },
      Object {
        "content": "width=device-width, initial-scale=1",
        "name": "viewport",
      },
      Object {
        "content": "Statusfy",
        "name": "generator",
      },
      Object {
        "content": "Description",
        "hid": "description",
        "name": "description",
      },
    ],
    "title": "Long Title",
    "titleTemplate": "%s | Long Title",
  },
  "locales": Array [
    Object {
      "code": "en",
      "iso": "en-US",
      "name": "English",
    },
    Object {
      "code": "es",
      "iso": "es-ES",
      "name": "Espa√±ol",
    },
  ],
  "manifest": true,
  "name": "app_name",
  "notifications": Object {
    "feeds": true,
    "icalendar": true,
    "support": false,
    "twitter": false,
    "webpush": Object {
      "onesignal": Object {
        "appId": "onesignal-app-id",
      },
    },
  },
  "serviceWorker": true,
  "short_title": "Short Title",
  "sourceDir": "../.tmp/advanced",
  "theme": Object {
    "scheduled": Object {
      "position": "belowSystems",
    },
  },
  "title": "Long Title",
}
`;

exports[`config:site cli 1`] = `
Object {
  "baseUrl": "/",
  "build": Object {
    "isStatic": false,
  },
  "content": Object {
    "dir": "content",
    "frontMatterFormat": "yaml",
    "systems": Array [
      "api",
      "cdn",
      "dns",
      "site-delivery",
    ],
  },
  "defaultLocale": "en",
  "description": "",
  "locales": Array [
    Object {
      "code": "en",
      "iso": "en-US",
      "name": "English",
    },
  ],
  "manifest": true,
  "name": "title",
  "notifications": Object {
    "feeds": true,
    "icalendar": true,
    "support": false,
    "twitter": false,
  },
  "serviceWorker": true,
  "short_title": "Title",
  "sourceDir": "../.tmp/cli",
  "theme": Object {
    "scheduled": Object {
      "position": "belowSystems",
    },
  },
  "title": "Title",
}
`;

exports[`config:site invalid 1`] = `
Array [
  "The default Front Matter Format ([33mcontent.frontMatterFormat[39m) is invalid. These are the valid formats: [36myaml, yml, toml, json[39m.",
  "The Base URL ([33mbaseUrl[39m) is invalid: //demo.statusfy.co.
Valid Example: [36mhttps://status.yourbaseurl.com[39m.",
  "The Default Locale ([33mdefaultLocale[39m) value must be included in the locales list. Current value [36mit[39m, defined codes: [36men, es[39m.",
]
`;

exports[`config:site invalid-subpath 1`] = `
Array [
  "Statusfy doesn't support deployments under a subpath ([36m/path[39m).",
]
`;

exports[`config:site simple 1`] = `
Object {
  "baseUrl": "https://simple.example.com",
  "build": Object {
    "isStatic": false,
  },
  "content": Object {
    "dir": "content",
    "frontMatterFormat": "yaml",
    "systems": Array [
      "api",
      "cdn",
      "dns",
      "site-delivery",
    ],
  },
  "defaultLocale": "en",
  "description": "",
  "locales": Array [
    Object {
      "code": "en",
      "iso": "en-US",
      "name": "English",
    },
  ],
  "manifest": false,
  "name": "title",
  "notifications": false,
  "serviceWorker": false,
  "short_title": "Title",
  "sourceDir": "../.tmp/simple",
  "theme": Object {
    "scheduled": Object {
      "position": "belowSystems",
    },
  },
  "title": "Title",
}
`;

exports[`config:site spanish 1`] = `
Object {
  "baseUrl": "https://demo-es.statusfy.co",
  "build": Object {
    "isStatic": false,
  },
  "content": Object {
    "dir": "content",
    "frontMatterFormat": "yaml",
    "systems": Array [
      "notificaciones",
      "monitoreo",
      "entrega-sitio",
    ],
  },
  "defaultLocale": "es",
  "description": "Descripci√≥n",
  "locales": Array [
    Object {
      "code": "es",
      "iso": "es-ES",
      "name": "Espa√±ol",
    },
    Object {
      "code": "fr",
      "iso": "fr-FR",
      "name": "Fran√ßais",
    },
  ],
  "manifest": true,
  "name": "Nombre Aplicaci√≥n",
  "notifications": Object {
    "feeds": true,
    "icalendar": true,
    "support": false,
    "twitter": false,
  },
  "serviceWorker": true,
  "short_title": "T√≠tulo",
  "sourceDir": "../.tmp/spanish",
  "theme": Object {
    "scheduled": Object {
      "position": "belowSystems",
    },
  },
  "title": "T√≠tulo",
}
`;
