// Jest Snapshot v1, https://goo.gl/fbAQLP

exports[`links should render external links correctly 1`] = `<p><a href="https://statusfy.co" target="_blank" rel="noopener noreferrer" class="external">Statusfy</a></p>`;

exports[`links should render external links correctly 2`] = `<p><a href="http://statusfy.co" target="_blank" rel="noopener noreferrer" class="external">Statusfy</a></p>`;

exports[`links should render external links correctly 3`] = `<p><a href="http://docs.statusfy.co" target="_blank" rel="noopener noreferrer" class="external">Statusfy Docs</a></p>`;

exports[`links should render internal links correctly 1`] = `<p><a href="/">/</a></p>`;

exports[`links should render internal links correctly 2`] = `<p><a href="/foo/">/foo/</a></p>`;

exports[`links should render internal links correctly 3`] = `<p><a href="/foo/#hash">/foo/#hash</a></p>`;
